###############################################################################
#
# IAR ELF Linker V8.40.1.212/W32 for ARM                  28/Oct/2019  04:37:03
# Copyright 2007-2019 IAR Systems AB.
#
#    Output file  =  C:\UW_Workspace\Assignments\03\Debug\Exe\assignment03.out
#    Map file     =  C:\UW_Workspace\Assignments\03\Debug\List\assignment03.map
#    Command line =
#        -f C:\Users\gents\AppData\Local\Temp\EW20D2.tmp
#        (C:\UW_Workspace\Assignments\03\Debug\Obj\main.o --no_out_extension -o
#        C:\UW_Workspace\Assignments\03\Debug\Exe\assignment03.out --redirect
#        _Printf=_PrintfFullNoMb --redirect _Scanf=_ScanfFullNoMb --map
#        C:\UW_Workspace\Assignments\03\Debug\List\assignment03.map --config
#        "C:\Program Files (x86)\IAR Systems\Embedded Workbench
#        8.3\arm\config\linker\ST\stm32f401xE.icf" --semihosting --entry
#        __iar_program_start --vfe --text_out locale)
#
###############################################################################

*******************************************************************************
*** RUNTIME MODEL ATTRIBUTES
***

CppFlavor       = *
__SystemLibrary = DLib
__dlib_version  = 6


*******************************************************************************
*** HEAP SELECTION
***

The basic heap was selected because some modules are built with
size limitations (and not runtime checking), and --advanced_heap
was not specified.


*******************************************************************************
*** PLACEMENT SUMMARY
***

"A0":  place at address 0x800'0000 { ro section .intvec };
"P1":  place in [from 0x800'0000 to 0x807'ffff] { ro };
define block CSTACK with size = 8K, alignment = 8 { };
define block HEAP with size = 8K, alignment = 8 { };
"P2":  place in [from 0x2000'0000 to 0x2001'7fff] {
          rw, block CSTACK, block HEAP };

No sections matched the following patterns:

  rw  in "P2"


  Section   Kind         Address    Size  Object
  -------   ----         -------    ----  ------
"A0":                               0x40
  .intvec   ro code   0x800'0000    0x40  vector_table_M.o [3]
                    - 0x800'0040    0x40

"P1":                              0x150
  .text     ro code   0x800'0040    0xf2  main.o [1]
  .text     ro code   0x800'0132     0x2  vector_table_M.o [3]
  .text     ro code   0x800'0134    0x1e  cmain.o [3]
  .text     ro code   0x800'0152     0x4  low_level_init.o [2]
  .text     ro code   0x800'0156     0x4  exit.o [2]
  .text     ro code   0x800'015c     0xa  cexit.o [3]
  .text     ro code   0x800'0168    0x14  exit.o [4]
  .text     ro code   0x800'017c     0xc  cstartup_M.o [3]
  .rodata   const     0x800'0188     0x8  main.o [1]
                    - 0x800'0190   0x150

"P2":                             0x2000
  CSTACK             0x2000'0000  0x2000  <Block>
    CSTACK  uninit   0x2000'0000  0x2000  <Block tail>
                   - 0x2000'2000  0x2000

Unused ranges:

         From           To      Size
         ----           --      ----
   0x800'0190   0x807'ffff  0x7'fe70
  0x2000'2000  0x2001'7fff  0x1'6000



*******************************************************************************
*** MODULE SUMMARY
***

    Module            ro code  ro data  rw data
    ------            -------  -------  -------
command line/config:
    -------------------------------------------
    Total:

C:\UW_Workspace\Assignments\03\Debug\Obj: [1]
    main.o                242        8
    -------------------------------------------
    Total:                242        8

dl7M_tln.a: [2]
    exit.o                  4
    low_level_init.o        4
    -------------------------------------------
    Total:                  8

rt7M_tl.a: [3]
    cexit.o                10
    cmain.o                30
    cstartup_M.o           12
    vector_table_M.o       66
    -------------------------------------------
    Total:                118

shb_l.a: [4]
    exit.o                 20
    -------------------------------------------
    Total:                 20

    Gaps                    4
    Linker created                        8'192
-----------------------------------------------
    Grand Total:          392        8    8'192


*******************************************************************************
*** ENTRY LIST
***

Entry                     Address  Size  Type      Object
-----                     -------  ----  ----      ------
?main                  0x800'0135        Code  Gb  cmain.o [3]
CSTACK$$Base          0x2000'0000         --   Gb  - Linker created -
CSTACK$$Limit         0x2000'2000         --   Gb  - Linker created -
Region$$Table$$Base           0x0         --   Gb  - Linker created -
Region$$Table$$Limit          0x0         --   Gb  - Linker created -
__cmain                0x800'0135        Code  Gb  cmain.o [3]
__exit                 0x800'0169  0x14  Code  Gb  exit.o [4]
__iar_program_start    0x800'017d        Code  Gb  cstartup_M.o [3]
__low_level_init       0x800'0153   0x4  Code  Gb  low_level_init.o [2]
__vector_table         0x800'0000        Data  Gb  vector_table_M.o [3]
_call_main             0x800'0141        Code  Gb  cmain.o [3]
_exit                  0x800'015d        Code  Gb  cexit.o [3]
_main                  0x800'014f        Code  Gb  cmain.o [3]
exit                   0x800'0157   0x4  Code  Gb  exit.o [2]
letter                 0x800'00d5  0x5e  Code  Gb  main.o [1]
main                   0x800'0041  0x2e  Code  Gb  main.o [1]
morseDash              0x800'0093  0x26  Code  Gb  main.o [1]
morseDot               0x800'006f  0x24  Code  Gb  main.o [1]


[1] = C:\UW_Workspace\Assignments\03\Debug\Obj
[2] = dl7M_tln.a
[3] = rt7M_tl.a
[4] = shb_l.a

    392 bytes of readonly  code memory
      8 bytes of readonly  data memory
  8'192 bytes of readwrite data memory

Errors: none
Warnings: none
